Archive member included to satisfy reference by file (symbol)

C:/ST/STM32CubeIDE_1.16.0/STM32CubeIDE/plugins/com.st.stm32cube.ide.mcu.externaltools.gnu-tools-for-stm32.12.3.rel1.win32_1.0.200.202406191623/tools/bin/../lib/gcc/arm-none-eabi/12.3.1/../../../../arm-none-eabi/lib/thumb/v7e-m+fp/hard\libc_nano.a(libc_a-exit.o)
                              C:/ST/STM32CubeIDE_1.16.0/STM32CubeIDE/plugins/com.st.stm32cube.ide.mcu.externaltools.gnu-tools-for-stm32.12.3.rel1.win32_1.0.200.202406191623/tools/bin/../lib/gcc/arm-none-eabi/12.3.1/../../../../arm-none-eabi/lib/thumb/v7e-m+fp/hard/crt0.o (exit)
C:/ST/STM32CubeIDE_1.16.0/STM32CubeIDE/plugins/com.st.stm32cube.ide.mcu.externaltools.gnu-tools-for-stm32.12.3.rel1.win32_1.0.200.202406191623/tools/bin/../lib/gcc/arm-none-eabi/12.3.1/../../../../arm-none-eabi/lib/thumb/v7e-m+fp/hard\libc_nano.a(libc_a-findfp.o)
                              C:/ST/STM32CubeIDE_1.16.0/STM32CubeIDE/plugins/com.st.stm32cube.ide.mcu.externaltools.gnu-tools-for-stm32.12.3.rel1.win32_1.0.200.202406191623/tools/bin/../lib/gcc/arm-none-eabi/12.3.1/../../../../arm-none-eabi/lib/thumb/v7e-m+fp/hard\libc_nano.a(libc_a-exit.o) (__stdio_exit_handler)
C:/ST/STM32CubeIDE_1.16.0/STM32CubeIDE/plugins/com.st.stm32cube.ide.mcu.externaltools.gnu-tools-for-stm32.12.3.rel1.win32_1.0.200.202406191623/tools/bin/../lib/gcc/arm-none-eabi/12.3.1/../../../../arm-none-eabi/lib/thumb/v7e-m+fp/hard\libc_nano.a(libc_a-fwalk.o)
                              C:/ST/STM32CubeIDE_1.16.0/STM32CubeIDE/plugins/com.st.stm32cube.ide.mcu.externaltools.gnu-tools-for-stm32.12.3.rel1.win32_1.0.200.202406191623/tools/bin/../lib/gcc/arm-none-eabi/12.3.1/../../../../arm-none-eabi/lib/thumb/v7e-m+fp/hard\libc_nano.a(libc_a-findfp.o) (_fwalk_sglue)
C:/ST/STM32CubeIDE_1.16.0/STM32CubeIDE/plugins/com.st.stm32cube.ide.mcu.externaltools.gnu-tools-for-stm32.12.3.rel1.win32_1.0.200.202406191623/tools/bin/../lib/gcc/arm-none-eabi/12.3.1/../../../../arm-none-eabi/lib/thumb/v7e-m+fp/hard\libc_nano.a(libc_a-stdio.o)
                              C:/ST/STM32CubeIDE_1.16.0/STM32CubeIDE/plugins/com.st.stm32cube.ide.mcu.externaltools.gnu-tools-for-stm32.12.3.rel1.win32_1.0.200.202406191623/tools/bin/../lib/gcc/arm-none-eabi/12.3.1/../../../../arm-none-eabi/lib/thumb/v7e-m+fp/hard\libc_nano.a(libc_a-findfp.o) (__sread)
C:/ST/STM32CubeIDE_1.16.0/STM32CubeIDE/plugins/com.st.stm32cube.ide.mcu.externaltools.gnu-tools-for-stm32.12.3.rel1.win32_1.0.200.202406191623/tools/bin/../lib/gcc/arm-none-eabi/12.3.1/../../../../arm-none-eabi/lib/thumb/v7e-m+fp/hard\libc_nano.a(libc_a-memset.o)
                              C:/ST/STM32CubeIDE_1.16.0/STM32CubeIDE/plugins/com.st.stm32cube.ide.mcu.externaltools.gnu-tools-for-stm32.12.3.rel1.win32_1.0.200.202406191623/tools/bin/../lib/gcc/arm-none-eabi/12.3.1/../../../../arm-none-eabi/lib/thumb/v7e-m+fp/hard/crt0.o (memset)
C:/ST/STM32CubeIDE_1.16.0/STM32CubeIDE/plugins/com.st.stm32cube.ide.mcu.externaltools.gnu-tools-for-stm32.12.3.rel1.win32_1.0.200.202406191623/tools/bin/../lib/gcc/arm-none-eabi/12.3.1/../../../../arm-none-eabi/lib/thumb/v7e-m+fp/hard\libc_nano.a(libc_a-closer.o)
                              C:/ST/STM32CubeIDE_1.16.0/STM32CubeIDE/plugins/com.st.stm32cube.ide.mcu.externaltools.gnu-tools-for-stm32.12.3.rel1.win32_1.0.200.202406191623/tools/bin/../lib/gcc/arm-none-eabi/12.3.1/../../../../arm-none-eabi/lib/thumb/v7e-m+fp/hard\libc_nano.a(libc_a-stdio.o) (_close_r)
C:/ST/STM32CubeIDE_1.16.0/STM32CubeIDE/plugins/com.st.stm32cube.ide.mcu.externaltools.gnu-tools-for-stm32.12.3.rel1.win32_1.0.200.202406191623/tools/bin/../lib/gcc/arm-none-eabi/12.3.1/../../../../arm-none-eabi/lib/thumb/v7e-m+fp/hard\libc_nano.a(libc_a-reent.o)
                              C:/ST/STM32CubeIDE_1.16.0/STM32CubeIDE/plugins/com.st.stm32cube.ide.mcu.externaltools.gnu-tools-for-stm32.12.3.rel1.win32_1.0.200.202406191623/tools/bin/../lib/gcc/arm-none-eabi/12.3.1/../../../../arm-none-eabi/lib/thumb/v7e-m+fp/hard\libc_nano.a(libc_a-closer.o) (errno)
C:/ST/STM32CubeIDE_1.16.0/STM32CubeIDE/plugins/com.st.stm32cube.ide.mcu.externaltools.gnu-tools-for-stm32.12.3.rel1.win32_1.0.200.202406191623/tools/bin/../lib/gcc/arm-none-eabi/12.3.1/../../../../arm-none-eabi/lib/thumb/v7e-m+fp/hard\libc_nano.a(libc_a-impure.o)
                              C:/ST/STM32CubeIDE_1.16.0/STM32CubeIDE/plugins/com.st.stm32cube.ide.mcu.externaltools.gnu-tools-for-stm32.12.3.rel1.win32_1.0.200.202406191623/tools/bin/../lib/gcc/arm-none-eabi/12.3.1/../../../../arm-none-eabi/lib/thumb/v7e-m+fp/hard\libc_nano.a(libc_a-reent.o) (_impure_ptr)
C:/ST/STM32CubeIDE_1.16.0/STM32CubeIDE/plugins/com.st.stm32cube.ide.mcu.externaltools.gnu-tools-for-stm32.12.3.rel1.win32_1.0.200.202406191623/tools/bin/../lib/gcc/arm-none-eabi/12.3.1/../../../../arm-none-eabi/lib/thumb/v7e-m+fp/hard\libc_nano.a(libc_a-lseekr.o)
[...]
Memory Configuration

Name             Origin             Length             Attributes
RAM              0x20000000         0x00020000         xrw
FLASH            0x08000000         0x00080000         xr
*default*        0x00000000         0xffffffff

Linker script and memory map

LOAD C:/ST/STM32CubeIDE_1.16.0/STM32CubeIDE/plugins/com.st.stm32cube.ide.mcu.externaltools.gnu-tools-for-stm32.12.3.rel1.win32_1.0.200.202406191623/tools/bin/../lib/gcc/arm-none-eabi/12.3.1/thumb/v7e-m+fp/hard/crti.o
LOAD C:/ST/STM32CubeIDE_1.16.0/STM32CubeIDE/plugins/com.st.stm32cube.ide.mcu.externaltools.gnu-tools-for-stm32.12.3.rel1.win32_1.0.200.202406191623/tools/bin/../lib/gcc/arm-none-eabi/12.3.1/thumb/v7e-m+fp/hard/crtbegin.o
LOAD C:/ST/STM32CubeIDE_1.16.0/STM32CubeIDE/plugins/com.st.stm32cube.ide.mcu.externaltools.gnu-tools-for-stm32.12.3.rel1.win32_1.0.200.202406191623/tools/bin/../lib/gcc/arm-none-eabi/12.3.1/../../../../arm-none-eabi/lib/thumb/v7e-m+fp/hard/crt0.o
LOAD ./App/ap.o
LOAD ./App/hw/device/BT_Receiver.o
LOAD ./App/hw/device/dcMotor.o
LOAD ./App/hw/device/mobileRemoteCar.o
LOAD ./App/hw/device/ultrasonic.o
LOAD ./App/hw/hw.o
LOAD ./Core/Src/gpio.o
LOAD ./Core/Src/main.o
LOAD ./Core/Src/stm32f4xx_hal_msp.o
LOAD ./Core/Src/stm32f4xx_it.o
LOAD ./Core/Src/syscalls.o
LOAD ./Core/Src/sysmem.o
LOAD ./Core/Src/system_stm32f4xx.o
LOAD ./Core/Src/tim.o
LOAD ./Core/Src/usart.o
LOAD ./Core/Startup/startup_stm32f411retx.o
LOAD ./Drivers/STM32F4xx_HAL_Driver/Src/stm32f4xx_hal.o
LOAD ./Drivers/STM32F4xx_HAL_Driver/Src/stm32f4xx_hal_cortex.o
LOAD ./Drivers/STM32F4xx_HAL_Driver/Src/stm32f4xx_hal_dma.o
LOAD ./Drivers/STM32F4xx_HAL_Driver/Src/stm32f4xx_hal_dma_ex.o
LOAD ./Drivers/STM32F4xx_HAL_Driver/Src/stm32f4xx_hal_exti.o
LOAD ./Drivers/STM32F4xx_HAL_Driver/Src/stm32f4xx_hal_flash.o
LOAD ./Drivers/STM32F4xx_HAL_Driver/Src/stm32f4xx_hal_flash_ex.o
LOAD ./Drivers/STM32F4xx_HAL_Driver/Src/stm32f4xx_hal_flash_ramfunc.o
LOAD ./Drivers/STM32F4xx_HAL_Driver/Src/stm32f4xx_hal_gpio.o
LOAD ./Drivers/STM32F4xx_HAL_Driver/Src/stm32f4xx_hal_pwr.o
LOAD ./Drivers/STM32F4xx_HAL_Driver/Src/stm32f4xx_hal_pwr_ex.o
LOAD ./Drivers/STM32F4xx_HAL_Driver/Src/stm32f4xx_hal_rcc.o
LOAD ./Drivers/STM32F4xx_HAL_Driver/Src/stm32f4xx_hal_rcc_ex.o
LOAD ./Drivers/STM32F4xx_HAL_Driver/Src/stm32f4xx_hal_tim.o
LOAD ./Drivers/STM32F4xx_HAL_Driver/Src/stm32f4xx_hal_tim_ex.o
LOAD ./Drivers/STM32F4xx_HAL_Driver/Src/stm32f4xx_hal_uart.o
START GROUP
LOAD C:/ST/STM32CubeIDE_1.16.0/STM32CubeIDE/plugins/com.st.stm32cube.ide.mcu.externaltools.gnu-tools-for-stm32.12.3.rel1.win32_1.0.200.202406191623/tools/bin/../lib/gcc/arm-none-eabi/12.3.1/../../../../arm-none-eabi/lib/thumb/v7e-m+fp/hard\libc_nano.a
LOAD C:/ST/STM32CubeIDE_1.16.0/STM32CubeIDE/plugins/com.st.stm32cube.ide.mcu.externaltools.gnu-tools-for-stm32.12.3.rel1.win32_1.0.200.202406191623/tools/bin/../lib/gcc/arm-none-eabi/12.3.1/../../../../arm-none-eabi/lib/thumb/v7e-m+fp/hard\libm.a
END GROUP
START GROUP
LOAD C:/ST/STM32CubeIDE_1.16.0/STM32CubeIDE/plugins/com.st.stm32cube.ide.mcu.externaltools.gnu-tools-for-stm32.12.3.rel1.win32_1.0.200.202406191623/tools/bin/../lib/gcc/arm-none-eabi/12.3.1/thumb/v7e-m+fp/hard\libgcc.a
LOAD C:/ST/STM32CubeIDE_1.16.0/STM32CubeIDE/plugins/com.st.stm32cube.ide.mcu.externaltools.gnu-tools-for-stm32.12.3.rel1.win32_1.0.200.202406191623/tools/bin/../lib/gcc/arm-none-eabi/12.3.1/../../../../arm-none-eabi/lib/thumb/v7e-m+fp/hard\libc_nano.a
END GROUP
START GROUP
LOAD C:/ST/STM32CubeIDE_1.16.0/STM32CubeIDE/plugins/com.st.stm32cube.ide.mcu.externaltools.gnu-tools-for-stm32.12.3.rel1.win32_1.0.200.202406191623/tools/bin/../lib/gcc/arm-none-eabi/12.3.1/thumb/v7e-m+fp/hard\libgcc.a
LOAD C:/ST/STM32CubeIDE_1.16.0/STM32CubeIDE/plugins/com.st.stm32cube.ide.mcu.externaltools.gnu-tools-for-stm32.12.3.rel1.win32_1.0.200.202406191623/tools/bin/../lib/gcc/arm-none-eabi/12.3.1/../../../../arm-none-eabi/lib/thumb/v7e-m+fp/hard\libc_nano.a
LOAD C:/ST/STM32CubeIDE_1.16.0/STM32CubeIDE/plugins/com.st.stm32cube.ide.mcu.externaltools.gnu-tools-for-stm32.12.3.rel1.win32_1.0.200.202406191623/tools/bin/../lib/gcc/arm-none-eabi/12.3.1/../../../../arm-none-eabi/lib/thumb/v7e-m+fp/hard\libnosys.a
END GROUP
START GROUP
LOAD C:/ST/STM32CubeIDE_1.16.0/STM32CubeIDE/plugins/com.st.stm32cube.ide.mcu.externaltools.gnu-tools-for-stm32.12.3.rel1.win32_1.0.200.202406191623/tools/bin/../lib/gcc/arm-none-eabi/12.3.1/thumb/v7e-m+fp/hard\libgcc.a
LOAD C:/ST/STM32CubeIDE_1.16.0/STM32CubeIDE/plugins/com.st.stm32cube.ide.mcu.externaltools.gnu-tools-for-stm32.12.3.rel1.win32_1.0.200.202406191623/tools/bin/../lib/gcc/arm-none-eabi/12.3.1/../../../../arm-none-eabi/lib/thumb/v7e-m+fp/hard\libc_nano.a
LOAD C:/ST/STM32CubeIDE_1.16.0/STM32CubeIDE/plugins/com.st.stm32cube.ide.mcu.externaltools.gnu-tools-for-stm32.12.3.rel1.win32_1.0.200.202406191623/tools/bin/../lib/gcc/arm-none-eabi/12.3.1/../../../../arm-none-eabi/lib/thumb/v7e-m+fp/hard\libnosys.a
END GROUP
LOAD C:/ST/STM32CubeIDE_1.16.0/STM32CubeIDE/plugins/com.st.stm32cube.ide.mcu.externaltools.gnu-tools-for-stm32.12.3.rel1.win32_1.0.200.202406191623/tools/bin/../lib/gcc/arm-none-eabi/12.3.1/thumb/v7e-m+fp/hard/crtend.o
LOAD C:/ST/STM32CubeIDE_1.16.0/STM32CubeIDE/plugins/com.st.stm32cube.ide.mcu.externaltools.gnu-tools-for-stm32.12.3.rel1.win32_1.0.200.202406191623/tools/bin/../lib/gcc/arm-none-eabi/12.3.1/thumb/v7e-m+fp/hard/crtn.o
                0x20020000                        _estack = (ORIGIN (RAM) + LENGTH (RAM))
                0x00000200                        _Min_Heap_Size = 0x200
                0x00000400                        _Min_Stack_Size = 0x400

.isr_vector     0x08000000      0x198
                0x08000000                        . = ALIGN (0x4)
 *(.isr_vector)
 .isr_vector    0x08000000      0x198 ./Core/Startup/startup_stm32f411retx.o
                0x08000000                g_pfnVectors
                0x08000198                        . = ALIGN (0x4)

.text           0x08000198     0x5760
                0x08000198                        . = ALIGN (0x4)
 *(.text)
 .text          0x08000198       0x40 C:/ST/STM32CubeIDE_1.16.0/STM32CubeIDE/plugins/com.st.stm32cube.ide.mcu.externaltools.gnu-tools-for-stm32.12.3.rel1.win32_1.0.200.202406191623/tools/bin/../lib/gcc/arm-none-eabi/12.3.1/thumb/v7e-m+fp/hard/crtbegin.o
 .text          0x080001d8      0x254 C:/ST/STM32CubeIDE_1.16.0/STM32CubeIDE/plugins/com.st.stm32cube.ide.mcu.externaltools.gnu-tools-for-stm32.12.3.rel1.win32_1.0.200.202406191623/tools/bin/../lib/gcc/arm-none-eabi/12.3.1/thumb/v7e-m+fp/hard\libgcc.a(_arm_muldf3.o)
                0x080001d8                __muldf3
                0x080001d8                __aeabi_dmul
 .text          0x0800042c      0x378 C:/ST/STM32CubeIDE_1.16.0/STM32CubeIDE/plugins/com.st.stm32cube.ide.mcu.externaltools.gnu-tools-for-stm32.12.3.rel1.win32_1.0.200.202406191623/tools/bin/../lib/gcc/arm-none-eabi/12.3.1/thumb/v7e-m+fp/hard\libgcc.a(_arm_addsubdf3.o)
                0x0800042c                __aeabi_drsub
                0x08000434                __aeabi_dsub
                0x08000434                __subdf3
                0x08000438                __aeabi_dadd
                0x08000438                __adddf3
                0x080006b0                __floatunsidf
                0x080006b0                __aeabi_ui2d
                0x080006d0                __floatsidf
                0x080006d0                __aeabi_i2d
                0x080006f4                __aeabi_f2d
                0x080006f4                __extendsfdf2
                0x08000738                __floatundidf
                0x08000738                __aeabi_ul2d
                0x08000748                __floatdidf
                0x08000748                __aeabi_l2d
 .text          0x080007a4       0x40 C:/ST/STM32CubeIDE_1.16.0/STM32CubeIDE/plugins/com.st.stm32cube.ide.mcu.externaltools.gnu-tools-for-stm32.12.3.rel1.win32_1.0.200.202406191623/tools/bin/../lib/gcc/arm-none-eabi/12.3.1/thumb/v7e-m+fp/hard\libgcc.a(_arm_fixunsdfsi.o)
                0x080007a4                __aeabi_d2uiz
                0x080007a4                __fixunsdfsi
 .text          0x080007e4       0x30 C:/ST/STM32CubeIDE_1.16.0/STM32CubeIDE/plugins/com.st.stm32cube.ide.mcu.externaltools.gnu-tools-for-stm32.12.3.rel1.win32_1.0.200.202406191623/tools/bin/../lib/gcc/arm-none-eabi/12.3.1/thumb/v7e-m+fp/hard\libgcc.a(_aeabi_uldivmod.o)
                0x080007e4                __aeabi_uldivmod
 .text          0x08000814      0x2bc C:/ST/STM32CubeIDE_1.16.0/STM32CubeIDE/plugins/com.st.stm32cube.ide.mcu.externaltools.gnu-tools-for-stm32.12.3.rel1.win32_1.0.200.202406191623/tools/bin/../lib/gcc/arm-none-eabi/12.3.1/thumb/v7e-m+fp/hard\libgcc.a(_udivmoddi4.o)
                0x08000814                __udivmoddi4
 .text          0x08000ad0        0x4 C:/ST/STM32CubeIDE_1.16.0/STM32CubeIDE/plugins/com.st.stm32cube.ide.mcu.externaltools.gnu-tools-for-stm32.12.3.rel1.win32_1.0.200.202406191623/tools/bin/../lib/gcc/arm-none-eabi/12.3.1/thumb/v7e-m+fp/hard\libgcc.a(_dvmd_tls.o)
                0x08000ad0                __aeabi_idiv0
                0x08000ad0                __aeabi_ldiv0
 *(.text*)
 .text.AP_setup
                0x08000ad4       0x18 ./App/ap.o
                0x08000ad4                AP_setup
 .text.AP_loop  0x08000aec       0x5c ./App/ap.o
                0x08000aec                AP_loop
 .text.MRC_BT_init
                0x08000b48       0x20 ./App/hw/device/BT_Receiver.o
                0x08000b48                MRC_BT_init
 .text.HAL_UART_RxCpltCallback
                0x08000b68       0x70 ./App/hw/device/BT_Receiver.o
                0x08000b68                HAL_UART_RxCpltCallback
 .text.MRC_BT_getHandleValue
                0x08000bd8       0x18 ./App/hw/device/BT_Receiver.o
                0x08000bd8                MRC_BT_getHandleValue
 .text.MRC_BT_getAccelValue
                0x08000bf0       0x18 ./App/hw/device/BT_Receiver.o
                0x08000bf0                MRC_BT_getAccelValue
 .text.DCMOTOR_init
                0x08000c08       0x42 ./App/hw/device/dcMotor.o
                0x08000c08                DCMOTOR_init
 .text.DCMOTOR_setDirection
                0x08000c4a       0x62 ./App/hw/device/dcMotor.o
                0x08000c4a                DCMOTOR_setDirection
 .text.DCMOTOR_emergencyBrake
                0x08000cac       0x30 ./App/hw/device/dcMotor.o
                0x08000cac                DCMOTOR_emergencyBrake
 .text.DCMOTOR_setDuty
                0x08000cdc       0x52 ./App/hw/device/dcMotor.o
                0x08000cdc                DCMOTOR_setDuty
 *fill*         0x08000d2e        0x2 
 .text.MRC_init
                0x08000d30       0xc8 ./App/hw/device/mobileRemoteCar.o
                0x08000d30                MRC_init
 .text.MRC_drive
                0x08000df8      0x224 ./App/hw/device/mobileRemoteCar.o
                0x08000df8                MRC_drive
 .text.MRC_emergencyBrakeAllMotors
                0x0800101c       0x28 ./App/hw/device/mobileRemoteCar.o
                0x0800101c                MRC_emergencyBrakeAllMotors
 .text.MRC_getDistance
                0x08001044        0xe ./App/hw/device/mobileRemoteCar.o
                0x08001044                MRC_getDistance
 *fill*         0x08001052        0x2 
 .text.ULTRA_init
                0x08001054       0x60 ./App/hw/device/ultrasonic.o
                0x08001054                ULTRA_init
 .text.HAL_TIM_IC_CaptureCallback
                0x080010b4      0x118 ./App/hw/device/ultrasonic.o
                0x080010b4                HAL_TIM_IC_CaptureCallback
 .text.HAL_TIM_OC_DelayElapsedCallback
                0x080011cc       0x40 ./App/hw/device/ultrasonic.o
                0x080011cc                HAL_TIM_OC_DelayElapsedCallback
 .text.ULTRA_getDistance
                0x0800120c       0x18 ./App/hw/device/ultrasonic.o
                0x0800120c                ULTRA_getDistance
 .text.HW_init  0x08001224       0x10 ./App/hw/hw.o
                0x08001224                HW_init
 .text.HW_abs   0x08001234       0x2c ./App/hw/hw.o
                0x08001234                HW_abs
 .text.MX_GPIO_Init
                0x08001260      0x118 ./Core/Src/gpio.o
                0x08001260                MX_GPIO_Init
 .text.main     0x08001378       0x34 ./Core/Src/main.o
                0x08001378                main
 .text.SystemClock_Config
                0x080013ac       0xd0 ./Core/Src/main.o
                0x080013ac                SystemClock_Config
 .text.Error_Handler
                0x0800147c        0xc ./Core/Src/main.o
                0x0800147c                Error_Handler
 .text.HAL_MspInit
                0x08001488       0x50 ./Core/Src/stm32f4xx_hal_msp.o
                0x08001488                HAL_MspInit
 .text.NMI_Handler
                0x080014d8        0x8 ./Core/Src/stm32f4xx_it.o
                0x080014d8                NMI_Handler
 .text.HardFault_Handler
                0x080014e0        0x8 ./Core/Src/stm32f4xx_it.o
                0x080014e0                HardFault_Handler
 .text.MemManage_Handler
                0x080014e8        0x8 ./Core/Src/stm32f4xx_it.o
                0x080014e8                MemManage_Handler
 .text.BusFault_Handler
                0x080014f0        0x8 ./Core/Src/stm32f4xx_it.o
                0x080014f0                BusFault_Handler
 .text.UsageFault_Handler
                0x080014f8        0x8 ./Core/Src/stm32f4xx_it.o
                0x080014f8                UsageFault_Handler
 .text.SVC_Handler
                0x08001500        0xe ./Core/Src/stm32f4xx_it.o
                0x08001500                SVC_Handler
 .text.DebugMon_Handler
                0x0800150e        0xe ./Core/Src/stm32f4xx_it.o
                0x0800150e                DebugMon_Handler
 .text.PendSV_Handler
                0x0800151c        0xe ./Core/Src/stm32f4xx_it.o
                0x0800151c                PendSV_Handler
 .text.SysTick_Handler
                0x0800152a        0xc ./Core/Src/stm32f4xx_it.o
                0x0800152a                SysTick_Handler
 *fill*         0x08001536        0x2 
 .text.TIM1_CC_IRQHandler
                0x08001538       0x14 ./Core/Src/stm32f4xx_it.o
                0x08001538                TIM1_CC_IRQHandler
 .text.TIM2_IRQHandler
                0x0800154c       0x14 ./Core/Src/stm32f4xx_it.o
                0x0800154c                TIM2_IRQHandler
 .text.TIM4_IRQHandler
                0x08001560       0x14 ./Core/Src/stm32f4xx_it.o
                0x08001560                TIM4_IRQHandler
 .text.USART2_IRQHandler
                0x08001574       0x14 ./Core/Src/stm32f4xx_it.o
                0x08001574                USART2_IRQHandler
 .text.USART6_IRQHandler
                0x08001588       0x14 ./Core/Src/stm32f4xx_it.o
                0x08001588                USART6_IRQHandler
 .text.SystemInit
                0x0800159c       0x24 ./Core/Src/system_stm32f4xx.o
                0x0800159c                SystemInit
 .text.MX_TIM1_Init
                0x080015c0      0x144 ./Core/Src/tim.o
                0x080015c0                MX_TIM1_Init
 .text.MX_TIM2_Init
                0x08001704       0xa4 ./Core/Src/tim.o
                0x08001704                MX_TIM2_Init
 .text.MX_TIM3_Init
                0x080017a8      0x11c ./Core/Src/tim.o
                0x080017a8                MX_TIM3_Init
 .text.MX_TIM4_Init
                0x080018c4       0x9c ./Core/Src/tim.o
                0x080018c4                MX_TIM4_Init
 .text.HAL_TIM_Base_MspInit
                0x08001960       0xb8 ./Core/Src/tim.o
                0x08001960                HAL_TIM_Base_MspInit
 .text.HAL_TIM_IC_MspInit
                0x08001a18       0x9c ./Core/Src/tim.o
                0x08001a18                HAL_TIM_IC_MspInit
 .text.HAL_TIM_MspPostInit
                0x08001ab4      0x144 ./Core/Src/tim.o
                0x08001ab4                HAL_TIM_MspPostInit
 .text.MX_USART2_UART_Init
                0x08001bf8       0x54 ./Core/Src/usart.o
                0x08001bf8                MX_USART2_UART_Init
 .text.MX_USART6_UART_Init
                0x08001c4c       0x54 ./Core/Src/usart.o
                0x08001c4c                MX_USART6_UART_Init
 .text.HAL_UART_MspInit
                0x08001ca0      0x158 ./Core/Src/usart.o
                0x08001ca0                HAL_UART_MspInit
 .text.Reset_Handler
                0x08001df8       0x50 ./Core/Startup/startup_stm32f411retx.o
                0x08001df8                Reset_Handler
 .text.Default_Handler
                0x08001e48        0x2 ./Core/Startup/startup_stm32f411retx.o
                0x08001e48                RTC_Alarm_IRQHandler
                0x08001e48                EXTI2_IRQHandler
                0x08001e48                SPI4_IRQHandler
                0x08001e48                DMA2_Stream5_IRQHandler
                0x08001e48                DMA1_Stream5_IRQHandler
                0x08001e48                PVD_IRQHandler
                0x08001e48                SDIO_IRQHandler
                0x08001e48                TAMP_STAMP_IRQHandler
                0x08001e48                EXTI3_IRQHandler
                0x08001e48                TIM1_UP_TIM10_IRQHandler
                0x08001e48                I2C3_ER_IRQHandler
                0x08001e48                EXTI0_IRQHandler
                0x08001e48                I2C2_EV_IRQHandler
                0x08001e48                DMA1_Stream2_IRQHandler
                0x08001e48                FPU_IRQHandler
                0x08001e48                DMA2_Stream2_IRQHandler
                0x08001e48                SPI1_IRQHandler
                0x08001e48                TIM1_BRK_TIM9_IRQHandler
                0x08001e48                DMA2_Stream3_IRQHandler
                0x08001e48                DMA2_Stream0_IRQHandler
                0x08001e48                I2C1_EV_IRQHandler
                0x08001e48                DMA1_Stream6_IRQHandler
                0x08001e48                DMA1_Stream1_IRQHandler
                0x08001e48                TIM3_IRQHandler
                0x08001e48                RCC_IRQHandler
                0x08001e48                Default_Handler
                0x08001e48                EXTI15_10_IRQHandler
                0x08001e48                ADC_IRQHandler
                0x08001e48                DMA1_Stream7_IRQHandler
                0x08001e48                SPI5_IRQHandler
                0x08001e48                TIM5_IRQHandler
                0x08001e48                DMA2_Stream7_IRQHandler
                0x08001e48                I2C3_EV_IRQHandler
                0x08001e48                EXTI9_5_IRQHandler
                0x08001e48                RTC_WKUP_IRQHandler
                0x08001e48                SPI2_IRQHandler
                0x08001e48                DMA1_Stream0_IRQHandler
                0x08001e48                EXTI4_IRQHandler
                0x08001e48                WWDG_IRQHandler
                0x08001e48                OTG_FS_WKUP_IRQHandler
                0x08001e48                TIM1_TRG_COM_TIM11_IRQHandler
                0x08001e48                EXTI1_IRQHandler
                0x08001e48                I2C2_ER_IRQHandler
                0x08001e48                DMA2_Stream1_IRQHandler
                0x08001e48                FLASH_IRQHandler
                0x08001e48                DMA2_Stream4_IRQHandler
                0x08001e48                USART1_IRQHandler
                0x08001e48                OTG_FS_IRQHandler
                0x08001e48                SPI3_IRQHandler
                0x08001e48                DMA1_Stream4_IRQHandler
                0x08001e48                I2C1_ER_IRQHandler
                0x08001e48                DMA2_Stream6_IRQHandler
                0x08001e48                DMA1_Stream3_IRQHandler
 *fill*         0x08001e4a        0x2 
 .text.HAL_Init
                0x08001e4c       0x44 ./Drivers/STM32F4xx_HAL_Driver/Src/stm32f4xx_hal.o
                0x08001e4c                HAL_Init
 .text.HAL_InitTick
                0x08001e90       0x60 ./Drivers/STM32F4xx_HAL_Driver/Src/stm32f4xx_hal.o
                0x08001e90                HAL_InitTick
 .text.HAL_IncTick
                0x08001ef0       0x28 ./Drivers/STM32F4xx_HAL_Driver/Src/stm32f4xx_hal.o
                0x08001ef0                HAL_IncTick
 .text.HAL_GetTick
                0x08001f18       0x18 ./Drivers/STM32F4xx_HAL_Driver/Src/stm32f4xx_hal.o
                0x08001f18                HAL_GetTick
 .text.HAL_Delay
                0x08001f30       0x48 ./Drivers/STM32F4xx_HAL_Driver/Src/stm32f4xx_hal.o
                0x08001f30                HAL_Delay
 .text.__NVIC_SetPriorityGrouping
                0x08001f78       0x48 ./Drivers/STM32F4xx_HAL_Driver/Src/stm32f4xx_hal_cortex.o
 .text.__NVIC_GetPriorityGrouping
                0x08001fc0       0x1c ./Drivers/STM32F4xx_HAL_Driver/Src/stm32f4xx_hal_cortex.o
 .text.__NVIC_EnableIRQ
                0x08001fdc       0x3c ./Drivers/STM32F4xx_HAL_Driver/Src/stm32f4xx_hal_cortex.o
 .text.__NVIC_SetPriority
                0x08002018       0x54 ./Drivers/STM32F4xx_HAL_Driver/Src/stm32f4xx_hal_cortex.o
 .text.NVIC_EncodePriority
                0x0800206c       0x66 ./Drivers/STM32F4xx_HAL_Driver/Src/stm32f4xx_hal_cortex.o
 *fill*         0x080020d2        0x2 
 .text.SysTick_Config
                0x080020d4       0x44 ./Drivers/STM32F4xx_HAL_Driver/Src/stm32f4xx_hal_cortex.o
 .text.HAL_NVIC_SetPriorityGrouping
                0x08002118       0x16 ./Drivers/STM32F4xx_HAL_Driver/Src/stm32f4xx_hal_cortex.o
                0x08002118                HAL_NVIC_SetPriorityGrouping
 .text.HAL_NVIC_SetPriority
                0x0800212e       0x38 ./Drivers/STM32F4xx_HAL_Driver/Src/stm32f4xx_hal_cortex.o
                0x0800212e                HAL_NVIC_SetPriority
 .text.HAL_NVIC_EnableIRQ
                0x08002166       0x1c ./Drivers/STM32F4xx_HAL_Driver/Src/stm32f4xx_hal_cortex.o
                0x08002166                HAL_NVIC_EnableIRQ
 .text.HAL_SYSTICK_Config
                0x08002182       0x18 ./Drivers/STM32F4xx_HAL_Driver/Src/stm32f4xx_hal_cortex.o
                0x08002182                HAL_SYSTICK_Config
 .text.HAL_DMA_Abort
                0x0800219a       0xe0 ./Drivers/STM32F4xx_HAL_Driver/Src/stm32f4xx_hal_dma.o
                0x0800219a                HAL_DMA_Abort
 .text.HAL_DMA_Abort_IT
                0x0800227a       0x44 ./Drivers/STM32F4xx_HAL_Driver/Src/stm32f4xx_hal_dma.o
                0x0800227a                HAL_DMA_Abort_IT
 *fill*         0x080022be        0x2 
 .text.HAL_GPIO_Init
                0x080022c0      0x308 ./Drivers/STM32F4xx_HAL_Driver/Src/stm32f4xx_hal_gpio.o
                0x080022c0                HAL_GPIO_Init
 .text.HAL_GPIO_WritePin
                0x080025c8       0x32 ./Drivers/STM32F4xx_HAL_Driver/Src/stm32f4xx_hal_gpio.o
                0x080025c8                HAL_GPIO_WritePin
 *fill*         0x080025fa        0x2 
 .text.HAL_RCC_OscConfig
                0x080025fc      0x4f0 ./Drivers/STM32F4xx_HAL_Driver/Src/stm32f4xx_hal_rcc.o
                0x080025fc                HAL_RCC_OscConfig
 .text.HAL_RCC_ClockConfig
                0x08002aec      0x1cc ./Drivers/STM32F4xx_HAL_Driver/Src/stm32f4xx_hal_rcc.o
                0x08002aec                HAL_RCC_ClockConfig
 .text.HAL_RCC_GetSysClockFreq
                0x08002cb8      0x20c ./Drivers/STM32F4xx_HAL_Driver/Src/stm32f4xx_hal_rcc.o
                0x08002cb8                HAL_RCC_GetSysClockFreq
 .text.HAL_RCC_GetHCLKFreq
                0x08002ec4       0x18 ./Drivers/STM32F4xx_HAL_Driver/Src/stm32f4xx_hal_rcc.o
                0x08002ec4                HAL_RCC_GetHCLKFreq
 .text.HAL_RCC_GetPCLK1Freq
                0x08002edc       0x28 ./Drivers/STM32F4xx_HAL_Driver/Src/stm32f4xx_hal_rcc.o
                0x08002edc                HAL_RCC_GetPCLK1Freq
 .text.HAL_RCC_GetPCLK2Freq
                0x08002f04       0x28 ./Drivers/STM32F4xx_HAL_Driver/Src/stm32f4xx_hal_rcc.o
                0x08002f04                HAL_RCC_GetPCLK2Freq
 .text.HAL_TIM_Base_Init
                0x08002f2c       0x9e ./Drivers/STM32F4xx_HAL_Driver/Src/stm32f4xx_hal_tim.o
                0x08002f2c                HAL_TIM_Base_Init
 *fill*         0x08002fca        0x2 
 .text.HAL_TIM_Base_Start_IT
                0x08002fcc       0xc4 ./Drivers/STM32F4xx_HAL_Driver/Src/stm32f4xx_hal_tim.o
                0x08002fcc                HAL_TIM_Base_Start_IT
 .text.HAL_TIM_PWM_Init
                0x08003090       0x9e ./Drivers/STM32F4xx_HAL_Driver/Src/stm32f4xx_hal_tim.o
                0x08003090                HAL_TIM_PWM_Init
 .text.HAL_TIM_PWM_MspInit
                0x0800312e       0x14 ./Drivers/STM32F4xx_HAL_Driver/Src/stm32f4xx_hal_tim.o
                0x0800312e                HAL_TIM_PWM_MspInit
 *fill*         0x08003142        0x2 
 .text.HAL_TIM_PWM_Start
                0x08003144      0x160 ./Drivers/STM32F4xx_HAL_Driver/Src/stm32f4xx_hal_tim.o
                0x08003144                HAL_TIM_PWM_Start
 .text.HAL_TIM_PWM_Start_IT
                0x080032a4      0x1fc ./Drivers/STM32F4xx_HAL_Driver/Src/stm32f4xx_hal_tim.o
                0x080032a4                HAL_TIM_PWM_Start_IT
 .text.HAL_TIM_IC_Init
                0x080034a0       0x9e ./Drivers/STM32F4xx_HAL_Driver/Src/stm32f4xx_hal_tim.o
                0x080034a0                HAL_TIM_IC_Init
 *fill*         0x0800353e        0x2 
 .text.HAL_TIM_IC_Start_IT
                0x08003540      0x234 ./Drivers/STM32F4xx_HAL_Driver/Src/stm32f4xx_hal_tim.o
                0x08003540                HAL_TIM_IC_Start_IT
 .text.HAL_TIM_IRQHandler
                0x08003774      0x1e0 ./Drivers/STM32F4xx_HAL_Driver/Src/stm32f4xx_hal_tim.o
                0x08003774                HAL_TIM_IRQHandler
 .text.HAL_TIM_IC_ConfigChannel
                0x08003954      0x138 ./Drivers/STM32F4xx_HAL_Driver/Src/stm32f4xx_hal_tim.o
                0x08003954                HAL_TIM_IC_ConfigChannel
 .text.HAL_TIM_PWM_ConfigChannel
                0x08003a8c      0x184 ./Drivers/STM32F4xx_HAL_Driver/Src/stm32f4xx_hal_tim.o
                0x08003a8c                HAL_TIM_PWM_ConfigChannel
 .text.HAL_TIM_ConfigClockSource
                0x08003c10      0x18e ./Drivers/STM32F4xx_HAL_Driver/Src/stm32f4xx_hal_tim.o
                0x08003c10                HAL_TIM_ConfigClockSource
 *fill*         0x08003d9e        0x2 
 .text.HAL_TIM_ReadCapturedValue
                0x08003da0       0x88 ./Drivers/STM32F4xx_HAL_Driver/Src/stm32f4xx_hal_tim.o
                0x08003da0                HAL_TIM_ReadCapturedValue
 .text.HAL_TIM_PeriodElapsedCallback
                0x08003e28       0x14 ./Drivers/STM32F4xx_HAL_Driver/Src/stm32f4xx_hal_tim.o
                0x08003e28                HAL_TIM_PeriodElapsedCallback
 .text.HAL_TIM_PWM_PulseFinishedCallback
                0x08003e3c       0x14 ./Drivers/STM32F4xx_HAL_Driver/Src/stm32f4xx_hal_tim.o
                0x08003e3c                HAL_TIM_PWM_PulseFinishedCallback
 .text.HAL_TIM_TriggerCallback
                0x08003e50       0x14 ./Drivers/STM32F4xx_HAL_Driver/Src/stm32f4xx_hal_tim.o
                0x08003e50                HAL_TIM_TriggerCallback
 .text.TIM_Base_SetConfig
                0x08003e64      0x118 ./Drivers/STM32F4xx_HAL_Driver/Src/stm32f4xx_hal_tim.o
                0x08003e64                TIM_Base_SetConfig
 .text.TIM_OC1_SetConfig
                0x08003f7c       0xcc ./Drivers/STM32F4xx_HAL_Driver/Src/stm32f4xx_hal_tim.o
 .text.TIM_OC2_SetConfig
                0x08004048       0xd8 ./Drivers/STM32F4xx_HAL_Driver/Src/stm32f4xx_hal_tim.o
                0x08004048                TIM_OC2_SetConfig
 .text.TIM_OC3_SetConfig
                0x08004120       0xd4 ./Drivers/STM32F4xx_HAL_Driver/Src/stm32f4xx_hal_tim.o
 .text.TIM_OC4_SetConfig
                0x080041f4       0xa0 ./Drivers/STM32F4xx_HAL_Driver/Src/stm32f4xx_hal_tim.o
 .text.TIM_TI1_SetConfig
                0x08004294       0xd0 ./Drivers/STM32F4xx_HAL_Driver/Src/stm32f4xx_hal_tim.o
                0x08004294                TIM_TI1_SetConfig
 .text.TIM_TI1_ConfigInputStage
                0x08004364       0x5e ./Drivers/STM32F4xx_HAL_Driver/Src/stm32f4xx_hal_tim.o
 .text.TIM_TI2_SetConfig
                0x080043c2       0x7a ./Drivers/STM32F4xx_HAL_Driver/Src/stm32f4xx_hal_tim.o
 .text.TIM_TI2_ConfigInputStage
                0x0800443c       0x60 ./Drivers/STM32F4xx_HAL_Driver/Src/stm32f4xx_hal_tim.o
 .text.TIM_TI3_SetConfig
                0x0800449c       0x78 ./Drivers/STM32F4xx_HAL_Driver/Src/stm32f4xx_hal_tim.o
 .text.TIM_TI4_SetConfig
                0x08004514       0x7a ./Drivers/STM32F4xx_HAL_Driver/Src/stm32f4xx_hal_tim.o
 .text.TIM_ITRx_SetConfig
                0x0800458e       0x36 ./Drivers/STM32F4xx_HAL_Driver/Src/stm32f4xx_hal_tim.o
 .text.TIM_ETR_SetConfig
                0x080045c4       0x40 ./Drivers/STM32F4xx_HAL_Driver/Src/stm32f4xx_hal_tim.o
                0x080045c4                TIM_ETR_SetConfig
 .text.TIM_CCxChannelCmd
                0x08004604       0x4a ./Drivers/STM32F4xx_HAL_Driver/Src/stm32f4xx_hal_tim.o
                0x08004604                TIM_CCxChannelCmd
 *fill*         0x0800464e        0x2 
 .text.HAL_TIMEx_MasterConfigSynchronization
                0x08004650       0xdc ./Drivers/STM32F4xx_HAL_Driver/Src/stm32f4xx_hal_tim_ex.o
                0x08004650                HAL_TIMEx_MasterConfigSynchronization
 .text.HAL_TIMEx_ConfigBreakDeadTime
                0x0800472c       0xa4 ./Drivers/STM32F4xx_HAL_Driver/Src/stm32f4xx_hal_tim_ex.o
                0x0800472c                HAL_TIMEx_ConfigBreakDeadTime
 .text.HAL_TIMEx_CommutCallback
                0x080047d0       0x14 ./Drivers/STM32F4xx_HAL_Driver/Src/stm32f4xx_hal_tim_ex.o
                0x080047d0                HAL_TIMEx_CommutCallback
 .text.HAL_TIMEx_BreakCallback
                0x080047e4       0x14 ./Drivers/STM32F4xx_HAL_Driver/Src/stm32f4xx_hal_tim_ex.o
                0x080047e4                HAL_TIMEx_BreakCallback
 .text.HAL_UART_Init
                0x080047f8       0xa0 ./Drivers/STM32F4xx_HAL_Driver/Src/stm32f4xx_hal_uart.o
                0x080047f8                HAL_UART_Init
 .text.HAL_UART_Receive_IT
                0x08004898       0x4a ./Drivers/STM32F4xx_HAL_Driver/Src/stm32f4xx_hal_uart.o
                0x08004898                HAL_UART_Receive_IT
 *fill*         0x080048e2        0x2 
 .text.HAL_UART_AbortReceive_IT
                0x080048e4      0x164 ./Drivers/STM32F4xx_HAL_Driver/Src/stm32f4xx_hal_uart.o
                0x080048e4                HAL_UART_AbortReceive_IT
 .text.HAL_UART_IRQHandler
                0x08004a48      0x524 ./Drivers/STM32F4xx_HAL_Driver/Src/stm32f4xx_hal_uart.o
                0x08004a48                HAL_UART_IRQHandler
 .text.HAL_UART_TxCpltCallback
                0x08004f6c       0x14 ./Drivers/STM32F4xx_HAL_Driver/Src/stm32f4xx_hal_uart.o
                0x08004f6c                HAL_UART_TxCpltCallback
 .text.HAL_UART_ErrorCallback
                0x08004f80       0x14 ./Drivers/STM32F4xx_HAL_Driver/Src/stm32f4xx_hal_uart.o
                0x08004f80                HAL_UART_ErrorCallback
 .text.HAL_UART_AbortReceiveCpltCallback
                0x08004f94       0x14 ./Drivers/STM32F4xx_HAL_Driver/Src/stm32f4xx_hal_uart.o
                0x08004f94                HAL_UART_AbortReceiveCpltCallback
 .text.HAL_UARTEx_RxEventCallback
                0x08004fa8       0x18 ./Drivers/STM32F4xx_HAL_Driver/Src/stm32f4xx_hal_uart.o
                0x08004fa8                HAL_UARTEx_RxEventCallback
 .text.UART_Start_Receive_IT
                0x08004fc0       0x74 ./Drivers/STM32F4xx_HAL_Driver/Src/stm32f4xx_hal_uart.o
                0x08004fc0                UART_Start_Receive_IT
 .text.UART_EndRxTransfer
                0x08005034       0xc6 ./Drivers/STM32F4xx_HAL_Driver/Src/stm32f4xx_hal_uart.o
 .text.UART_DMAAbortOnError
                0x080050fa       0x28 ./Drivers/STM32F4xx_HAL_Driver/Src/stm32f4xx_hal_uart.o
 .text.UART_DMARxOnlyAbortCallback
                0x08005122       0x30 ./Drivers/STM32F4xx_HAL_Driver/Src/stm32f4xx_hal_uart.o
 .text.UART_Transmit_IT
                0x08005152       0xa0 ./Drivers/STM32F4xx_HAL_Driver/Src/stm32f4xx_hal_uart.o
 .text.UART_EndTransmit_IT
                0x080051f2       0x30 ./Drivers/STM32F4xx_HAL_Driver/Src/stm32f4xx_hal_uart.o
 .text.UART_Receive_IT
                0x08005222      0x17c ./Drivers/STM32F4xx_HAL_Driver/Src/stm32f4xx_hal_uart.o
 *fill*         0x0800539e        0x2 
 .text.UART_SetConfig
                0x080053a0      0x4e8 ./Drivers/STM32F4xx_HAL_Driver/Src/stm32f4xx_hal_uart.o
 .text.memset   0x08005888       0x10 C:/ST/STM32CubeIDE_1.16.0/STM32CubeIDE/plugins/com.st.stm32cube.ide.mcu.externaltools.gnu-tools-for-stm32.12.3.rel1.win32_1.0.200.202406191623/tools/bin/../lib/gcc/arm-none-eabi/12.3.1/../../../../arm-none-eabi/lib/thumb/v7e-m+fp/hard\libc_nano.a(libc_a-memset.o)
                0x08005888                memset
 .text.__libc_init_array
                0x08005898       0x48 C:/ST/STM32CubeIDE_1.16.0/STM32CubeIDE/plugins/com.st.stm32cube.ide.mcu.externaltools.gnu-tools-for-stm32.12.3.rel1.win32_1.0.200.202406191623/tools/bin/../lib/gcc/arm-none-eabi/12.3.1/../../../../arm-none-eabi/lib/thumb/v7e-m+fp/hard\libc_nano.a(libc_a-init.o)
                0x08005898                __libc_init_array
 *(.glue_7)
 .glue_7        0x080058e0        0x0 linker stubs
 *(.glue_7t)
 .glue_7t       0x080058e0        0x0 linker stubs
 *(.eh_frame)
 .eh_frame      0x080058e0        0x0 C:/ST/STM32CubeIDE_1.16.0/STM32CubeIDE/plugins/com.st.stm32cube.ide.mcu.externaltools.gnu-tools-for-stm32.12.3.rel1.win32_1.0.200.202406191623/tools/bin/../lib/gcc/arm-none-eabi/12.3.1/thumb/v7e-m+fp/hard/crtbegin.o
 *(.init)
 .init          0x080058e0        0x4 C:/ST/STM32CubeIDE_1.16.0/STM32CubeIDE/plugins/com.st.stm32cube.ide.mcu.externaltools.gnu-tools-for-stm32.12.3.rel1.win32_1.0.200.202406191623/tools/bin/../lib/gcc/arm-none-eabi/12.3.1/thumb/v7e-m+fp/hard/crti.o
                0x080058e0                _init
 .init          0x080058e4        0x8 C:/ST/STM32CubeIDE_1.16.0/STM32CubeIDE/plugins/com.st.stm32cube.ide.mcu.externaltools.gnu-tools-for-stm32.12.3.rel1.win32_1.0.200.202406191623/tools/bin/../lib/gcc/arm-none-eabi/12.3.1/thumb/v7e-m+fp/hard/crtn.o
 *(.fini)
 .fini          0x080058ec        0x4 C:/ST/STM32CubeIDE_1.16.0/STM32CubeIDE/plugins/com.st.stm32cube.ide.mcu.externaltools.gnu-tools-for-stm32.12.3.rel1.win32_1.0.200.202406191623/tools/bin/../lib/gcc/arm-none-eabi/12.3.1/thumb/v7e-m+fp/hard/crti.o
                0x080058ec                _fini
 .fini          0x080058f0        0x8 C:/ST/STM32CubeIDE_1.16.0/STM32CubeIDE/plugins/com.st.stm32cube.ide.mcu.externaltools.gnu-tools-for-stm32.12.3.rel1.win32_1.0.200.202406191623/tools/bin/../lib/gcc/arm-none-eabi/12.3.1/thumb/v7e-m+fp/hard/crtn.o
                0x080058f8                        . = ALIGN (0x4)
                0x080058f8                        _etext = .

.vfp11_veneer   0x080058f8        0x0
 .vfp11_veneer  0x080058f8        0x0 linker stubs

.v4_bx          0x080058f8        0x0
 .v4_bx         0x080058f8        0x0 linker stubs

.iplt           0x080058f8        0x0
 .iplt          0x080058f8        0x0 C:/ST/STM32CubeIDE_1.16.0/STM32CubeIDE/plugins/com.st.stm32cube.ide.mcu.externaltools.gnu-tools-for-stm32.12.3.rel1.win32_1.0.200.202406191623/tools/bin/../lib/gcc/arm-none-eabi/12.3.1/thumb/v7e-m+fp/hard/crtbegin.o

.rodata         0x080058f8       0x18
                0x080058f8                        . = ALIGN (0x4)
 *(.rodata)
 *(.rodata*)
 .rodata.AHBPrescTable
                0x080058f8       0x10 ./Core/Src/system_stm32f4xx.o
                0x080058f8                AHBPrescTable
 .rodata.APBPrescTable
                0x08005908        0x8 ./Core/Src/system_stm32f4xx.o
                0x08005908                APBPrescTable
                0x08005910                        . = ALIGN (0x4)

.ARM.extab      0x08005910        0x0
                0x08005910                        . = ALIGN (0x4)
 *(.ARM.extab* .gnu.linkonce.armextab.*)
                0x08005910                        . = ALIGN (0x4)

.ARM            0x08005910        0x8
                0x08005910                        . = ALIGN (0x4)
                0x08005910                        __exidx_start = .
 *(.ARM.exidx*)
 .ARM.exidx     0x08005910        0x8 C:/ST/STM32CubeIDE_1.16.0/STM32CubeIDE/plugins/com.st.stm32cube.ide.mcu.externaltools.gnu-tools-for-stm32.12.3.rel1.win32_1.0.200.202406191623/tools/bin/../lib/gcc/arm-none-eabi/12.3.1/thumb/v7e-m+fp/hard\libgcc.a(_udivmoddi4.o)
                0x08005918                        __exidx_end = .
                0x08005918                        . = ALIGN (0x4)

.preinit_array  0x08005918        0x0
                0x08005918                        . = ALIGN (0x4)
                0x08005918                        PROVIDE (__preinit_array_start = .)
 *(.preinit_array*)
                0x08005918                        PROVIDE (__preinit_array_end = .)
                0x08005918                        . = ALIGN (0x4)

.init_array     0x08005918        0x4
                0x08005918                        . = ALIGN (0x4)
                0x08005918                        PROVIDE (__init_array_start = .)
 *(SORT_BY_NAME(.init_array.*))
 *(.init_array*)
 .init_array    0x08005918        0x4 C:/ST/STM32CubeIDE_1.16.0/STM32CubeIDE/plugins/com.st.stm32cube.ide.mcu.externaltools.gnu-tools-for-stm32.12.3.rel1.win32_1.0.200.202406191623/tools/bin/../lib/gcc/arm-none-eabi/12.3.1/thumb/v7e-m+fp/hard/crtbegin.o
                0x0800591c                        PROVIDE (__init_array_end = .)
                0x0800591c                        . = ALIGN (0x4)

.fini_array     0x0800591c        0x4
                0x0800591c                        . = ALIGN (0x4)
                [!provide]                        PROVIDE (__fini_array_start = .)
 *(SORT_BY_NAME(.fini_array.*))
 *(.fini_array*)
 .fini_array    0x0800591c        0x4 C:/ST/STM32CubeIDE_1.16.0/STM32CubeIDE/plugins/com.st.stm32cube.ide.mcu.externaltools.gnu-tools-for-stm32.12.3.rel1.win32_1.0.200.202406191623/tools/bin/../lib/gcc/arm-none-eabi/12.3.1/thumb/v7e-m+fp/hard/crtbegin.o
                [!provide]                        PROVIDE (__fini_array_end = .)
                0x08005920                        . = ALIGN (0x4)
                0x08005920                        _sidata = LOADADDR (.data)

.rel.dyn        0x08005920        0x0
 .rel.iplt      0x08005920        0x0 C:/ST/STM32CubeIDE_1.16.0/STM32CubeIDE/plugins/com.st.stm32cube.ide.mcu.externaltools.gnu-tools-for-stm32.12.3.rel1.win32_1.0.200.202406191623/tools/bin/../lib/gcc/arm-none-eabi/12.3.1/thumb/v7e-m+fp/hard/crtbegin.o

.data           0x20000000        0xc load address 0x08005920
                0x20000000                        . = ALIGN (0x4)
                0x20000000                        _sdata = .
 *(.data)
 *(.data*)
 .data.SystemCoreClock
                0x20000000        0x4 ./Core/Src/system_stm32f4xx.o
                0x20000000                SystemCoreClock
 .data.uwTickPrio
                0x20000004        0x4 ./Drivers/STM32F4xx_HAL_Driver/Src/stm32f4xx_hal.o
                0x20000004                uwTickPrio
 .data.uwTickFreq
                0x20000008        0x1 ./Drivers/STM32F4xx_HAL_Driver/Src/stm32f4xx_hal.o
                0x20000008                uwTickFreq
 *(.RamFunc)
 *(.RamFunc*)
                0x2000000c                        . = ALIGN (0x4)
 *fill*         0x20000009        0x3 
                0x2000000c                        _edata = .

.igot.plt       0x2000000c        0x0 load address 0x0800592c
 .igot.plt      0x2000000c        0x0 C:/ST/STM32CubeIDE_1.16.0/STM32CubeIDE/plugins/com.st.stm32cube.ide.mcu.externaltools.gnu-tools-for-stm32.12.3.rel1.win32_1.0.200.202406191623/tools/bin/../lib/gcc/arm-none-eabi/12.3.1/thumb/v7e-m+fp/hard/crtbegin.o
                0x2000000c                        . = ALIGN (0x4)

.bss            0x2000000c      0x244 load address 0x0800592c
                0x2000000c                        _sbss = .
                0x2000000c                        __bss_start__ = _sbss
 *(.bss)
 .bss           0x2000000c       0x1c C:/ST/STM32CubeIDE_1.16.0/STM32CubeIDE/plugins/com.st.stm32cube.ide.mcu.externaltools.gnu-tools-for-stm32.12.3.rel1.win32_1.0.200.202406191623/tools/bin/../lib/gcc/arm-none-eabi/12.3.1/thumb/v7e-m+fp/hard/crtbegin.o
 *(.bss*)
 .bss.handleValue
                0x20000028        0x2 ./App/ap.o
                0x20000028                handleValue
 .bss.accelValue
                0x2000002a        0x2 ./App/ap.o
                0x2000002a                accelValue
 .bss.distanceValue
                0x2000002c        0x1 ./App/ap.o
                0x2000002c                distanceValue
 *fill*         0x2000002d        0x3 
 .bss.MRC_rxBuffer
                0x20000030        0x4 ./App/hw/device/BT_Receiver.o
                0x20000030                MRC_rxBuffer
 .bss.MRC_handleValue
                0x20000034        0x2 ./App/hw/device/BT_Receiver.o
                0x20000034                MRC_handleValue
 .bss.MRC_accelValue
                0x20000036        0x2 ./App/hw/device/BT_Receiver.o
                0x20000036                MRC_accelValue
 .bss.MRC_frontMotorLeft
                0x20000038       0x18 ./App/hw/device/mobileRemoteCar.o
                0x20000038                MRC_frontMotorLeft
 .bss.MRC_frontMotorRight
                0x20000050       0x18 ./App/hw/device/mobileRemoteCar.o
                0x20000050                MRC_frontMotorRight
 .bss.MRC_backMotor
                0x20000068       0x18 ./App/hw/device/mobileRemoteCar.o
                0x20000068                MRC_backMotor
 .bss.MRC_direction
                0x20000080        0x1 ./App/hw/device/mobileRemoteCar.o
                0x20000080                MRC_direction
 *fill*         0x20000081        0x3 
 .bss.MRC_baseDuty
                0x20000084        0x4 ./App/hw/device/mobileRemoteCar.o
                0x20000084                MRC_baseDuty
 .bss.frontRightMotorDuty
                0x20000088        0x2 ./App/hw/device/mobileRemoteCar.o
                0x20000088                frontRightMotorDuty
 .bss.frontLeftMotorDuty
                0x2000008a        0x2 ./App/hw/device/mobileRemoteCar.o
                0x2000008a                frontLeftMotorDuty
 .bss.backMotorDuty
                0x2000008c        0x2 ./App/hw/device/mobileRemoteCar.o
                0x2000008c                backMotorDuty
 .bss.accelIntensity
                0x2000008e        0x2 ./App/hw/device/mobileRemoteCar.o
                0x2000008e                accelIntensity
 .bss.handleIntensity
                0x20000090        0x4 ./App/hw/device/mobileRemoteCar.o
                0x20000090                handleIntensity
 .bss.inputCapturedRisingCounterValue
                0x20000094        0x2 ./App/hw/device/ultrasonic.o
                0x20000094                inputCapturedRisingCounterValue
 .bss.inputCapturedFallingCounterValue
                0x20000096        0x2 ./App/hw/device/ultrasonic.o
                0x20000096                inputCapturedFallingCounterValue
 .bss.echoHighCounterValue
                0x20000098        0x2 ./App/hw/device/ultrasonic.o
                0x20000098                echoHighCounterValue
 .bss.captureFlag
                0x2000009a        0x1 ./App/hw/device/ultrasonic.o
                0x2000009a                captureFlag
 .bss.distance  0x2000009b        0x1 ./App/hw/device/ultrasonic.o
                0x2000009b                distance
 .bss.htim1     0x2000009c       0x48 ./Core/Src/tim.o
                0x2000009c                htim1
 .bss.htim2     0x200000e4       0x48 ./Core/Src/tim.o
                0x200000e4                htim2
 .bss.htim3     0x2000012c       0x48 ./Core/Src/tim.o
                0x2000012c                htim3
 .bss.htim4     0x20000174       0x48 ./Core/Src/tim.o
                0x20000174                htim4
 .bss.huart2    0x200001bc       0x48 ./Core/Src/usart.o
                0x200001bc                huart2
 .bss.huart6    0x20000204       0x48 ./Core/Src/usart.o
                0x20000204                huart6
 .bss.uwTick    0x2000024c        0x4 ./Drivers/STM32F4xx_HAL_Driver/Src/stm32f4xx_hal.o
                0x2000024c                uwTick
 *(COMMON)
                0x20000250                        . = ALIGN (0x4)
                0x20000250                        _ebss = .
                0x20000250                        __bss_end__ = _ebss

._user_heap_stack
                0x20000250      0x600 load address 0x0800592c
                0x20000250                        . = ALIGN (0x8)
                [!provide]                        PROVIDE (end = .)
                0x20000250                        PROVIDE (_end = .)
                0x20000450                        . = (. + _Min_Heap_Size)
 *fill*         0x20000250      0x200 
                0x20000850                        . = (. + _Min_Stack_Size)
 *fill*         0x20000450      0x400 
                0x20000850                        . = ALIGN (0x8)

/DISCARD/
 libc.a(*)
 libm.a(*)
 libgcc.a(*)

.ARM.attributes
                0x00000000       0x30
 *(.ARM.attributes)
 .ARM.attributes
                0x00000000       0x22 C:/ST/STM32CubeIDE_1.16.0/STM32CubeIDE/plugins/com.st.stm32cube.ide.mcu.externaltools.gnu-tools-for-stm32.12.3.rel1.win32_1.0.200.202406191623/tools/bin/../lib/gcc/arm-none-eabi/12.3.1/thumb/v7e-m+fp/hard/crti.o
 .ARM.attributes
                0x00000022       0x34 C:/ST/STM32CubeIDE_1.16.0/STM32CubeIDE/plugins/com.st.stm32cube.ide.mcu.externaltools.gnu-tools-for-stm32.12.3.rel1.win32_1.0.200.202406191623/tools/bin/../lib/gcc/arm-none-eabi/12.3.1/thumb/v7e-m+fp/hard/crtbegin.o
 .ARM.attributes
                0x00000056       0x34 ./App/ap.o
 .ARM.attributes
                0x0000008a       0x34 ./App/hw/device/BT_Receiver.o
 .ARM.attributes
                0x000000be       0x34 ./App/hw/device/dcMotor.o
 .ARM.attributes
                0x000000f2       0x34 ./App/hw/device/mobileRemoteCar.o
 .ARM.attributes
                0x00000126       0x34 ./App/hw/device/ultrasonic.o
 .ARM.attributes
                0x0000015a       0x34 ./App/hw/hw.o
 .ARM.attributes
                0x0000018e       0x34 ./Core/Src/gpio.o
 .ARM.attributes
                0x000001c2       0x34 ./Core/Src/main.o
 .ARM.attributes
                0x000001f6       0x34 ./Core/Src/stm32f4xx_hal_msp.o
 .ARM.attributes
                0x0000022a       0x34 ./Core/Src/stm32f4xx_it.o
 .ARM.attributes
                0x0000025e       0x34 ./Core/Src/system_stm32f4xx.o
 .ARM.attributes
                0x00000292       0x34 ./Core/Src/tim.o
 .ARM.attributes
                0x000002c6       0x34 ./Core/Src/usart.o
 .ARM.attributes
                0x000002fa       0x21 ./Core/Startup/startup_stm32f411retx.o
 .ARM.attributes
                0x0000031b       0x34 ./Drivers/STM32F4xx_HAL_Driver/Src/stm32f4xx_hal.o
 .ARM.attributes
                0x0000034f       0x34 ./Drivers/STM32F4xx_HAL_Driver/Src/stm32f4xx_hal_cortex.o
 .ARM.attributes
                0x00000383       0x34 ./Drivers/STM32F4xx_HAL_Driver/Src/stm32f4xx_hal_dma.o
 .ARM.attributes
                0x000003b7       0x34 ./Drivers/STM32F4xx_HAL_Driver/Src/stm32f4xx_hal_gpio.o
 .ARM.attributes
                0x000003eb       0x34 ./Drivers/STM32F4xx_HAL_Driver/Src/stm32f4xx_hal_rcc.o
 .ARM.attributes
                0x0000041f       0x34 ./Drivers/STM32F4xx_HAL_Driver/Src/stm32f4xx_hal_tim.o
 .ARM.attributes
                0x00000453       0x34 ./Drivers/STM32F4xx_HAL_Driver/Src/stm32f4xx_hal_tim_ex.o
 .ARM.attributes
                0x00000487       0x34 ./Drivers/STM32F4xx_HAL_Driver/Src/stm32f4xx_hal_uart.o
 .ARM.attributes
                0x000004bb       0x34 C:/ST/STM32CubeIDE_1.16.0/STM32CubeIDE/plugins/com.st.stm32cube.ide.mcu.externaltools.gnu-tools-for-stm32.12.3.rel1.win32_1.0.200.202406191623/tools/bin/../lib/gcc/arm-none-eabi/12.3.1/../../../../arm-none-eabi/lib/thumb/v7e-m+fp/hard\libc_nano.a(libc_a-memset.o)
 .ARM.attributes
                0x000004ef       0x34 C:/ST/STM32CubeIDE_1.16.0/STM32CubeIDE/plugins/com.st.stm32cube.ide.mcu.externaltools.gnu-tools-for-stm32.12.3.rel1.win32_1.0.200.202406191623/tools/bin/../lib/gcc/arm-none-eabi/12.3.1/../../../../arm-none-eabi/lib/thumb/v7e-m+fp/hard\libc_nano.a(libc_a-init.o)
 .ARM.attributes
                0x00000523       0x22 C:/ST/STM32CubeIDE_1.16.0/STM32CubeIDE/plugins/com.st.stm32cube.ide.mcu.externaltools.gnu-tools-for-stm32.12.3.rel1.win32_1.0.200.202406191623/tools/bin/../lib/gcc/arm-none-eabi/12.3.1/thumb/v7e-m+fp/hard\libgcc.a(_arm_muldf3.o)
 .ARM.attributes
                0x00000545       0x22 C:/ST/STM32CubeIDE_1.16.0/STM32CubeIDE/plugins/com.st.stm32cube.ide.mcu.externaltools.gnu-tools-for-stm32.12.3.rel1.win32_1.0.200.202406191623/tools/bin/../lib/gcc/arm-none-eabi/12.3.1/thumb/v7e-m+fp/hard\libgcc.a(_arm_addsubdf3.o)
 .ARM.attributes
                0x00000567       0x22 C:/ST/STM32CubeIDE_1.16.0/STM32CubeIDE/plugins/com.st.stm32cube.ide.mcu.externaltools.gnu-tools-for-stm32.12.3.rel1.win32_1.0.200.202406191623/tools/bin/../lib/gcc/arm-none-eabi/12.3.1/thumb/v7e-m+fp/hard\libgcc.a(_arm_fixunsdfsi.o)
 .ARM.attributes
                0x00000589       0x22 C:/ST/STM32CubeIDE_1.16.0/STM32CubeIDE/plugins/com.st.stm32cube.ide.mcu.externaltools.gnu-tools-for-stm32.12.3.rel1.win32_1.0.200.202406191623/tools/bin/../lib/gcc/arm-none-eabi/12.3.1/thumb/v7e-m+fp/hard\libgcc.a(_aeabi_uldivmod.o)
 .ARM.attributes
                0x000005ab       0x34 C:/ST/STM32CubeIDE_1.16.0/STM32CubeIDE/plugins/com.st.stm32cube.ide.mcu.externaltools.gnu-tools-for-stm32.12.3.rel1.win32_1.0.200.202406191623/tools/bin/../lib/gcc/arm-none-eabi/12.3.1/thumb/v7e-m+fp/hard\libgcc.a(_udivmoddi4.o)
 .ARM.attributes
                0x000005df       0x22 C:/ST/STM32CubeIDE_1.16.0/STM32CubeIDE/plugins/com.st.stm32cube.ide.mcu.externaltools.gnu-tools-for-stm32.12.3.rel1.win32_1.0.200.202406191623/tools/bin/../lib/gcc/arm-none-eabi/12.3.1/thumb/v7e-m+fp/hard\libgcc.a(_dvmd_tls.o)
 .ARM.attributes
                0x00000601       0x22 C:/ST/STM32CubeIDE_1.16.0/STM32CubeIDE/plugins/com.st.stm32cube.ide.mcu.externaltools.gnu-tools-for-stm32.12.3.rel1.win32_1.0.200.202406191623/tools/bin/../lib/gcc/arm-none-eabi/12.3.1/thumb/v7e-m+fp/hard/crtn.o
OUTPUT(mobileRemoteCar.elf elf32-littlearm)
LOAD linker stubs
LOAD C:/ST/STM32CubeIDE_1.16.0/STM32CubeIDE/plugins/com.st.stm32cube.ide.mcu.externaltools.gnu-tools-for-stm32.12.3.rel1.win32_1.0.200.202406191623/tools/bin/../lib/gcc/arm-none-eabi/12.3.1/../../../../arm-none-eabi/lib/thumb/v7e-m+fp/hard\libc.a
LOAD C:/ST/STM32CubeIDE_1.16.0/STM32CubeIDE/plugins/com.st.stm32cube.ide.mcu.externaltools.gnu-tools-for-stm32.12.3.rel1.win32_1.0.200.202406191623/tools/bin/../lib/gcc/arm-none-eabi/12.3.1/../../../../arm-none-eabi/lib/thumb/v7e-m+fp/hard\libm.a
LOAD C:/ST/STM32CubeIDE_1.16.0/STM32CubeIDE/plugins/com.st.stm32cube.ide.mcu.externaltools.gnu-tools-for-stm32.12.3.rel1.win32_1.0.200.202406191623/tools/bin/../lib/gcc/arm-none-eabi/12.3.1/thumb/v7e-m+fp/hard\libgcc.a

.debug_info     0x00000000     0xfed3
 .debug_info    0x00000000      0x191 ./App/ap.o
 .debug_info    0x00000191      0x693 ./App/hw/device/BT_Receiver.o
 .debug_info    0x00000824      0x910 ./App/hw/device/dcMotor.o
 .debug_info    0x00001134      0xaf9 ./App/hw/device/mobileRemoteCar.o
 .debug_info    0x00001c2d      0x7f2 ./App/hw/device/ultrasonic.o
 .debug_info    0x0000241f      0x14e ./App/hw/hw.o
 .debug_info    0x0000256d      0x433 ./Core/Src/gpio.o
 .debug_info    0x000029a0      0xa52 ./Core/Src/main.o
 .debug_info    0x000033f2      0x291 ./Core/Src/stm32f4xx_hal_msp.o
 .debug_info    0x00003683      0x9d8 ./Core/Src/stm32f4xx_it.o
 .debug_info    0x0000405b      0x53e ./Core/Src/system_stm32f4xx.o
 .debug_info    0x00004599     0x114c ./Core/Src/tim.o
 .debug_info    0x000056e5      0xba2 ./Core/Src/usart.o
 .debug_info    0x00006287       0x30 ./Core/Startup/startup_stm32f411retx.o
 .debug_info    0x000062b7      0x8c4 ./Drivers/STM32F4xx_HAL_Driver/Src/stm32f4xx_hal.o
 .debug_info    0x00006b7b      0xcc7 ./Drivers/STM32F4xx_HAL_Driver/Src/stm32f4xx_hal_cortex.o
 .debug_info    0x00007842      0x8e6 ./Drivers/STM32F4xx_HAL_Driver/Src/stm32f4xx_hal_dma.o
 .debug_info    0x00008128      0x6f9 ./Drivers/STM32F4xx_HAL_Driver/Src/stm32f4xx_hal_gpio.o
 .debug_info    0x00008821      0x8f2 ./Drivers/STM32F4xx_HAL_Driver/Src/stm32f4xx_hal_rcc.o
 .debug_info    0x00009113     0x2996 ./Drivers/STM32F4xx_HAL_Driver/Src/stm32f4xx_hal_tim.o
 .debug_info    0x0000baa9     0x14d4 ./Drivers/STM32F4xx_HAL_Driver/Src/stm32f4xx_hal_tim_ex.o
 .debug_info    0x0000cf7d     0x2f56 ./Drivers/STM32F4xx_HAL_Driver/Src/stm32f4xx_hal_uart.o

.debug_abbrev   0x00000000     0x29ef
 .debug_abbrev  0x00000000       0xb3 ./App/ap.o
 .debug_abbrev  0x000000b3      0x1c1 ./App/hw/device/BT_Receiver.o
 .debug_abbrev  0x00000274      0x1ab ./App/hw/device/dcMotor.o
 .debug_abbrev  0x0000041f      0x261 ./App/hw/device/mobileRemoteCar.o
 .debug_abbrev  0x00000680      0x1ee ./App/hw/device/ultrasonic.o
 .debug_abbrev  0x0000086e      0x113 ./App/hw/hw.o
 .debug_abbrev  0x00000981      0x151 ./Core/Src/gpio.o
 .debug_abbrev  0x00000ad2      0x25c ./Core/Src/main.o
 .debug_abbrev  0x00000d2e       0xd8 ./Core/Src/stm32f4xx_hal_msp.o
 .debug_abbrev  0x00000e06      0x1c8 ./Core/Src/stm32f4xx_it.o
 .debug_abbrev  0x00000fce      0x11a ./Core/Src/system_stm32f4xx.o
 .debug_abbrev  0x000010e8      0x26e ./Core/Src/tim.o
 .debug_abbrev  0x00001356      0x21d ./Core/Src/usart.o
 .debug_abbrev  0x00001573       0x24 ./Core/Startup/startup_stm32f411retx.o
 .debug_abbrev  0x00001597      0x24b ./Drivers/STM32F4xx_HAL_Driver/Src/stm32f4xx_hal.o
 .debug_abbrev  0x000017e2      0x328 ./Drivers/STM32F4xx_HAL_Driver/Src/stm32f4xx_hal_cortex.o
 .debug_abbrev  0x00001b0a      0x221 ./Drivers/STM32F4xx_HAL_Driver/Src/stm32f4xx_hal_dma.o
 .debug_abbrev  0x00001d2b      0x1d3 ./Drivers/STM32F4xx_HAL_Driver/Src/stm32f4xx_hal_gpio.o
 .debug_abbrev  0x00001efe      0x2b5 ./Drivers/STM32F4xx_HAL_Driver/Src/stm32f4xx_hal_rcc.o
 .debug_abbrev  0x000021b3      0x28b ./Drivers/STM32F4xx_HAL_Driver/Src/stm32f4xx_hal_tim.o
 .debug_abbrev  0x0000243e      0x296 ./Drivers/STM32F4xx_HAL_Driver/Src/stm32f4xx_hal_tim_ex.o
 .debug_abbrev  0x000026d4      0x31b ./Drivers/STM32F4xx_HAL_Driver/Src/stm32f4xx_hal_uart.o

.debug_aranges  0x00000000      0xe08
 .debug_aranges
                0x00000000       0x28 ./App/ap.o
 .debug_aranges
                0x00000028       0x38 ./App/hw/device/BT_Receiver.o
 .debug_aranges
                0x00000060       0x38 ./App/hw/device/dcMotor.o
 .debug_aranges
                0x00000098       0x58 ./App/hw/device/mobileRemoteCar.o
 .debug_aranges
                0x000000f0       0x38 ./App/hw/device/ultrasonic.o
 .debug_aranges
                0x00000128       0x38 ./App/hw/hw.o
 .debug_aranges
                0x00000160       0x20 ./Core/Src/gpio.o
 .debug_aranges
                0x00000180       0x38 ./Core/Src/main.o
 .debug_aranges
                0x000001b8       0x20 ./Core/Src/stm32f4xx_hal_msp.o
 .debug_aranges
                0x000001d8       0x88 ./Core/Src/stm32f4xx_it.o
 .debug_aranges
                0x00000260       0x28 ./Core/Src/system_stm32f4xx.o
 .debug_aranges
                0x00000288       0x60 ./Core/Src/tim.o
 .debug_aranges
                0x000002e8       0x38 ./Core/Src/usart.o
 .debug_aranges
                0x00000320       0x28 ./Core/Startup/startup_stm32f411retx.o
 .debug_aranges
                0x00000348       0xf0 ./Drivers/STM32F4xx_HAL_Driver/Src/stm32f4xx_hal.o
 .debug_aranges
                0x00000438      0x120 ./Drivers/STM32F4xx_HAL_Driver/Src/stm32f4xx_hal_cortex.o
 .debug_aranges
                0x00000558       0x90 ./Drivers/STM32F4xx_HAL_Driver/Src/stm32f4xx_hal_dma.o
 .debug_aranges
                0x000005e8       0x58 ./Drivers/STM32F4xx_HAL_Driver/Src/stm32f4xx_hal_gpio.o
 .debug_aranges
                0x00000640       0x88 ./Drivers/STM32F4xx_HAL_Driver/Src/stm32f4xx_hal_rcc.o
 .debug_aranges
                0x000006c8      0x3d0 ./Drivers/STM32F4xx_HAL_Driver/Src/stm32f4xx_hal_tim.o
 .debug_aranges
                0x00000a98      0x168 ./Drivers/STM32F4xx_HAL_Driver/Src/stm32f4xx_hal_tim_ex.o
 .debug_aranges
                0x00000c00      0x208 ./Drivers/STM32F4xx_HAL_Driver/Src/stm32f4xx_hal_uart.o

.debug_rnglists
                0x00000000      0xad1
 .debug_rnglists
                0x00000000       0x19 ./App/ap.o
 .debug_rnglists
                0x00000019       0x25 ./App/hw/device/BT_Receiver.o
 .debug_rnglists
                0x0000003e       0x25 ./App/hw/device/dcMotor.o
 .debug_rnglists
                0x00000063       0x3f ./App/hw/device/mobileRemoteCar.o
 .debug_rnglists
                0x000000a2       0x26 ./App/hw/device/ultrasonic.o
 .debug_rnglists
                0x000000c8       0x25 ./App/hw/hw.o
 .debug_rnglists
                0x000000ed       0x14 ./Core/Src/gpio.o
 .debug_rnglists
                0x00000101       0x26 ./Core/Src/main.o
 .debug_rnglists
                0x00000127       0x13 ./Core/Src/stm32f4xx_hal_msp.o
 .debug_rnglists
                0x0000013a       0x61 ./Core/Src/stm32f4xx_it.o
 .debug_rnglists
                0x0000019b       0x1a ./Core/Src/system_stm32f4xx.o
 .debug_rnglists
                0x000001b5       0x4a ./Core/Src/tim.o
 .debug_rnglists
                0x000001ff       0x26 ./Core/Src/usart.o
 .debug_rnglists
                0x00000225       0x19 ./Core/Startup/startup_stm32f411retx.o
 .debug_rnglists
                0x0000023e       0xaf ./Drivers/STM32F4xx_HAL_Driver/Src/stm32f4xx_hal.o
 .debug_rnglists
                0x000002ed       0xd4 ./Drivers/STM32F4xx_HAL_Driver/Src/stm32f4xx_hal_cortex.o
 .debug_rnglists
                0x000003c1       0x70 ./Drivers/STM32F4xx_HAL_Driver/Src/stm32f4xx_hal_dma.o
 .debug_rnglists
                0x00000431       0x3f ./Drivers/STM32F4xx_HAL_Driver/Src/stm32f4xx_hal_gpio.o
 .debug_rnglists
                0x00000470       0x66 ./Drivers/STM32F4xx_HAL_Driver/Src/stm32f4xx_hal_rcc.o
 .debug_rnglists
                0x000004d6      0x31a ./Drivers/STM32F4xx_HAL_Driver/Src/stm32f4xx_hal_tim.o
 .debug_rnglists
                0x000007f0      0x125 ./Drivers/STM32F4xx_HAL_Driver/Src/stm32f4xx_hal_tim_ex.o
 .debug_rnglists
                0x00000915      0x1bc ./Drivers/STM32F4xx_HAL_Driver/Src/stm32f4xx_hal_uart.o

.debug_macro    0x00000000    0x181a5
 .debug_macro   0x00000000      0x351 ./App/ap.o
 .debug_macro   0x00000351      0xab4 ./App/ap.o
 .debug_macro   0x00000e05       0x22 ./App/ap.o
 .debug_macro   0x00000e27       0x5b ./App/ap.o
 .debug_macro   0x00000e82       0x2a ./App/ap.o
 .debug_macro   0x00000eac       0x94 ./App/ap.o
 .debug_macro   0x00000f40       0x43 ./App/ap.o
 .debug_macro   0x00000f83       0x34 ./App/ap.o
 .debug_macro   0x00000fb7       0x16 ./App/ap.o
 .debug_macro   0x00000fcd       0x57 ./App/ap.o
 .debug_macro   0x00001024       0x9e ./App/ap.o
 .debug_macro   0x000010c2      0x369 ./App/ap.o
 .debug_macro   0x0000142b      0x10b ./App/ap.o
 .debug_macro   0x00001536       0x10 ./App/ap.o
 .debug_macro   0x00001546       0x16 ./App/ap.o
 .debug_macro   0x0000155c       0x43 ./App/ap.o
 .debug_macro   0x0000159f       0x34 ./App/ap.o
 .debug_macro   0x000015d3       0x10 ./App/ap.o
 .debug_macro   0x000015e3       0x58 ./App/ap.o
 .debug_macro   0x0000163b       0x8e ./App/ap.o
 .debug_macro   0x000016c9       0x1c ./App/ap.o
 .debug_macro   0x000016e5      0x177 ./App/ap.o
 .debug_macro   0x0000185c       0x16 ./App/ap.o
 .debug_macro   0x00001872       0x16 ./App/ap.o
 .debug_macro   0x00001888      0x146 ./App/ap.o
 .debug_macro   0x000019ce       0x16 ./App/ap.o
 .debug_macro   0x000019e4       0x35 ./App/ap.o
 .debug_macro   0x00001a19       0x16 ./App/ap.o
 .debug_macro   0x00001a2f       0x29 ./App/ap.o
 .debug_macro   0x00001a58      0x103 ./App/ap.o
 .debug_macro   0x00001b5b       0x6a ./App/ap.o
 .debug_macro   0x00001bc5      0x1df ./App/ap.o
 .debug_macro   0x00001da4       0x22 ./App/ap.o
 .debug_macro   0x00001dc6      0x29b ./App/ap.o
 .debug_macro   0x00002061       0x2e ./App/ap.o
 .debug_macro   0x0000208f       0x28 ./App/ap.o
 .debug_macro   0x000020b7       0x1c ./App/ap.o
 .debug_macro   0x000020d3       0x22 ./App/ap.o
 .debug_macro   0x000020f5       0xfb ./App/ap.o
 .debug_macro   0x000021f0     0x1011 ./App/ap.o
 .debug_macro   0x00003201      0x11f ./App/ap.o
 .debug_macro   0x00003320     0xb953 ./App/ap.o
 .debug_macro   0x0000ec73       0x6d ./App/ap.o
 .debug_macro   0x0000ece0     0x368c ./App/ap.o
 .debug_macro   0x0001236c       0x56 ./App/ap.o
 .debug_macro   0x000123c2      0x45c ./App/ap.o
 .debug_macro   0x0001281e      0x9e9 ./App/ap.o
 .debug_macro   0x00013207      0x115 ./App/ap.o
 .debug_macro   0x0001331c      0x11b ./App/ap.o
 .debug_macro   0x00013437       0xa5 ./App/ap.o
 .debug_macro   0x000134dc      0x15f ./App/ap.o
 .debug_macro   0x0001363b      0x287 ./App/ap.o
 .debug_macro   0x000138c2       0x5f ./App/ap.o
 .debug_macro   0x00013921      0x236 ./App/ap.o
 .debug_macro   0x00013b57      0x132 ./App/ap.o
 .debug_macro   0x00013c89      0x264 ./App/ap.o
 .debug_macro   0x00013eed       0x2e ./App/ap.o
 .debug_macro   0x00013f1b      0x127 ./App/ap.o
 .debug_macro   0x00014042       0x85 ./App/ap.o
 .debug_macro   0x000140c7       0x89 ./App/ap.o
 .debug_macro   0x00014150      0x8ed ./App/ap.o
 .debug_macro   0x00014a3d       0x47 ./App/ap.o
 .debug_macro   0x00014a84      0x2aa ./App/ap.o
 .debug_macro   0x00014d2e      0x126 ./App/ap.o
 .debug_macro   0x00014e54       0x28 ./App/ap.o
 .debug_macro   0x00014e7c       0x22 ./App/ap.o
 .debug_macro   0x00014e9e       0x10 ./App/ap.o
 .debug_macro   0x00014eae       0xbe ./App/ap.o
 .debug_macro   0x00014f6c      0x351 ./App/hw/device/BT_Receiver.o
 .debug_macro   0x000152bd       0x1c ./App/hw/device/BT_Receiver.o
 .debug_macro   0x000152d9      0x351 ./App/hw/device/dcMotor.o
 .debug_macro   0x0001562a      0x352 ./App/hw/device/mobileRemoteCar.o
 .debug_macro   0x0001597c      0x34b ./App/hw/device/ultrasonic.o
 .debug_macro   0x00015cc7      0x347 ./App/hw/hw.o
 .debug_macro   0x0001600e      0x1e7 ./Core/Src/gpio.o
 .debug_macro   0x000161f5       0x8e ./Core/Src/gpio.o
 .debug_macro   0x00016283       0x51 ./Core/Src/gpio.o
 .debug_macro   0x000162d4      0x189 ./Core/Src/gpio.o
 .debug_macro   0x0001645d       0x5c ./Core/Src/gpio.o
 .debug_macro   0x000164b9       0xb8 ./Core/Src/gpio.o
 .debug_macro   0x00016571      0x371 ./Core/Src/main.o
 .debug_macro   0x000168e2       0x61 ./Core/Src/main.o
 .debug_macro   0x00016943      0x1dd ./Core/Src/stm32f4xx_hal_msp.o
 .debug_macro   0x00016b20      0x1e7 ./Core/Src/stm32f4xx_it.o
 .debug_macro   0x00016d07      0x1ce ./Core/Src/system_stm32f4xx.o
 .debug_macro   0x00016ed5      0x1e7 ./Core/Src/tim.o
 .debug_macro   0x000170bc      0x1e7 ./Core/Src/usart.o
 .debug_macro   0x000172a3      0x22e ./Drivers/STM32F4xx_HAL_Driver/Src/stm32f4xx_hal.o
 .debug_macro   0x000174d1      0x1ce ./Drivers/STM32F4xx_HAL_Driver/Src/stm32f4xx_hal_cortex.o
 .debug_macro   0x0001769f      0x1d4 ./Drivers/STM32F4xx_HAL_Driver/Src/stm32f4xx_hal_dma.o
 .debug_macro   0x00017873      0x1d4 ./Drivers/STM32F4xx_HAL_Driver/Src/stm32f4xx_hal_gpio.o
 .debug_macro   0x00017a47      0x1f2 ./Drivers/STM32F4xx_HAL_Driver/Src/stm32f4xx_hal_rcc.o
 .debug_macro   0x00017c39      0x1cf ./Drivers/STM32F4xx_HAL_Driver/Src/stm32f4xx_hal_tim.o
 .debug_macro   0x00017e08      0x1ce ./Drivers/STM32F4xx_HAL_Driver/Src/stm32f4xx_hal_tim_ex.o
 .debug_macro   0x00017fd6      0x1cf ./Drivers/STM32F4xx_HAL_Driver/Src/stm32f4xx_hal_uart.o

.debug_line     0x00000000    0x1358f
 .debug_line    0x00000000      0xa2c ./App/ap.o
 .debug_line    0x00000a2c      0xa81 ./App/hw/device/BT_Receiver.o
 .debug_line    0x000014ad      0xa9b ./App/hw/device/dcMotor.o
 .debug_line    0x00001f48      0xb9c ./App/hw/device/mobileRemoteCar.o
 .debug_line    0x00002ae4      0xabb ./App/hw/device/ultrasonic.o
 .debug_line    0x0000359f      0xa45 ./App/hw/hw.o
 .debug_line    0x00003fe4      0x77a ./Core/Src/gpio.o
 .debug_line    0x0000475e      0xada ./Core/Src/main.o
 .debug_line    0x00005238      0x74f ./Core/Src/stm32f4xx_hal_msp.o
 .debug_line    0x00005987      0x889 ./Core/Src/stm32f4xx_it.o
 .debug_line    0x00006210      0x7d3 ./Core/Src/system_stm32f4xx.o
 .debug_line    0x000069e3      0xa3c ./Core/Src/tim.o
 .debug_line    0x0000741f      0x83a ./Core/Src/usart.o
 .debug_line    0x00007c59       0x7a ./Core/Startup/startup_stm32f411retx.o
 .debug_line    0x00007cd3      0xa3c ./Drivers/STM32F4xx_HAL_Driver/Src/stm32f4xx_hal.o
 .debug_line    0x0000870f      0xd04 ./Drivers/STM32F4xx_HAL_Driver/Src/stm32f4xx_hal_cortex.o
 .debug_line    0x00009413      0xfac ./Drivers/STM32F4xx_HAL_Driver/Src/stm32f4xx_hal_dma.o
 .debug_line    0x0000a3bf      0xb8c ./Drivers/STM32F4xx_HAL_Driver/Src/stm32f4xx_hal_gpio.o
 .debug_line    0x0000af4b      0xdaf ./Drivers/STM32F4xx_HAL_Driver/Src/stm32f4xx_hal_rcc.o
 .debug_line    0x0000bcfa     0x35ba ./Drivers/STM32F4xx_HAL_Driver/Src/stm32f4xx_hal_tim.o
 .debug_line    0x0000f2b4     0x19cd ./Drivers/STM32F4xx_HAL_Driver/Src/stm32f4xx_hal_tim_ex.o
 .debug_line    0x00010c81     0x290e ./Drivers/STM32F4xx_HAL_Driver/Src/stm32f4xx_hal_uart.o

.debug_str      0x00000000    0x8e8b8
 .debug_str     0x00000000    0x8a960 ./App/ap.o
                              0x8ac0b (size before relaxing)
 .debug_str     0x0008a960      0x4c9 ./App/hw/device/BT_Receiver.o
                              0x8b0a4 (size before relaxing)
 .debug_str     0x0008ae29      0x43f ./App/hw/device/dcMotor.o
                              0x8b29c (size before relaxing)
 .debug_str     0x0008b268      0x1c7 ./App/hw/device/mobileRemoteCar.o
                              0x8b45b (size before relaxing)
 .debug_str     0x0008b42f      0x12e ./App/hw/device/ultrasonic.o
                              0x8b1f3 (size before relaxing)
 .debug_str     0x0008b55d       0x30 ./App/hw/hw.o
                              0x8ab87 (size before relaxing)
 .debug_str     0x0008b58d      0x180 ./Core/Src/gpio.o
                              0x8734b (size before relaxing)
 .debug_str     0x0008b70d      0x238 ./Core/Src/main.o
                              0x8b353 (size before relaxing)
 .debug_str     0x0008b945       0x2c ./Core/Src/stm32f4xx_hal_msp.o
                              0x87280 (size before relaxing)
 .debug_str     0x0008b971      0x14d ./Core/Src/stm32f4xx_it.o
                              0x879ea (size before relaxing)
 .debug_str     0x0008babe       0xdb ./Core/Src/system_stm32f4xx.o
                              0x87050 (size before relaxing)
 .debug_str     0x0008bb99      0x705 ./Core/Src/tim.o
                              0x87ff2 (size before relaxing)
 .debug_str     0x0008c29e       0x51 ./Core/Src/usart.o
                              0x87bff (size before relaxing)
 .debug_str     0x0008c2ef       0x44 ./Core/Startup/startup_stm32f411retx.o
                                 0x7d (size before relaxing)
 .debug_str     0x0008c333      0x601 ./Drivers/STM32F4xx_HAL_Driver/Src/stm32f4xx_hal.o
                              0x87a7c (size before relaxing)
 .debug_str     0x0008c934      0x33a ./Drivers/STM32F4xx_HAL_Driver/Src/stm32f4xx_hal_cortex.o
                              0x877b4 (size before relaxing)
 .debug_str     0x0008cc6e      0x323 ./Drivers/STM32F4xx_HAL_Driver/Src/stm32f4xx_hal_dma.o
                              0x87458 (size before relaxing)
 .debug_str     0x0008cf91      0x121 ./Drivers/STM32F4xx_HAL_Driver/Src/stm32f4xx_hal_gpio.o
                              0x871cb (size before relaxing)
 .debug_str     0x0008d0b2      0x233 ./Drivers/STM32F4xx_HAL_Driver/Src/stm32f4xx_hal_rcc.o
                              0x87484 (size before relaxing)
 .debug_str     0x0008d2e5      0xc4b ./Drivers/STM32F4xx_HAL_Driver/Src/stm32f4xx_hal_tim.o
                              0x883c8 (size before relaxing)
 .debug_str     0x0008df30      0x3e1 ./Drivers/STM32F4xx_HAL_Driver/Src/stm32f4xx_hal_tim_ex.o
                              0x87bd4 (size before relaxing)
 .debug_str     0x0008e311      0x5a7 ./Drivers/STM32F4xx_HAL_Driver/Src/stm32f4xx_hal_uart.o
                              0x87a53 (size before relaxing)

.comment        0x00000000       0x43
 .comment       0x00000000       0x43 ./App/ap.o
                                 0x44 (size before relaxing)
 .comment       0x00000043       0x44 ./App/hw/device/BT_Receiver.o
 .comment       0x00000043       0x44 ./App/hw/device/dcMotor.o
 .comment       0x00000043       0x44 ./App/hw/device/mobileRemoteCar.o
 .comment       0x00000043       0x44 ./App/hw/device/ultrasonic.o
 .comment       0x00000043       0x44 ./App/hw/hw.o
 .comment       0x00000043       0x44 ./Core/Src/gpio.o
 .comment       0x00000043       0x44 ./Core/Src/main.o
 .comment       0x00000043       0x44 ./Core/Src/stm32f4xx_hal_msp.o
 .comment       0x00000043       0x44 ./Core/Src/stm32f4xx_it.o
 .comment       0x00000043       0x44 ./Core/Src/system_stm32f4xx.o
 .comment       0x00000043       0x44 ./Core/Src/tim.o
 .comment       0x00000043       0x44 ./Core/Src/usart.o
 .comment       0x00000043       0x44 ./Drivers/STM32F4xx_HAL_Driver/Src/stm32f4xx_hal.o
 .comment       0x00000043       0x44 ./Drivers/STM32F4xx_HAL_Driver/Src/stm32f4xx_hal_cortex.o
 .comment       0x00000043       0x44 ./Drivers/STM32F4xx_HAL_Driver/Src/stm32f4xx_hal_dma.o
 .comment       0x00000043       0x44 ./Drivers/STM32F4xx_HAL_Driver/Src/stm32f4xx_hal_gpio.o
 .comment       0x00000043       0x44 ./Drivers/STM32F4xx_HAL_Driver/Src/stm32f4xx_hal_rcc.o
 .comment       0x00000043       0x44 ./Drivers/STM32F4xx_HAL_Driver/Src/stm32f4xx_hal_tim.o
 .comment       0x00000043       0x44 ./Drivers/STM32F4xx_HAL_Driver/Src/stm32f4xx_hal_tim_ex.o
 .comment       0x00000043       0x44 ./Drivers/STM32F4xx_HAL_Driver/Src/stm32f4xx_hal_uart.o

.debug_frame    0x00000000     0x3934
 .debug_frame   0x00000000       0x48 ./App/ap.o
 .debug_frame   0x00000048       0x90 ./App/hw/device/BT_Receiver.o
 .debug_frame   0x000000d8       0xa8 ./App/hw/device/dcMotor.o
 .debug_frame   0x00000180      0x118 ./App/hw/device/mobileRemoteCar.o
 .debug_frame   0x00000298       0x98 ./App/hw/device/ultrasonic.o
 .debug_frame   0x00000330       0x94 ./App/hw/hw.o
 .debug_frame   0x000003c4       0x34 ./Core/Src/gpio.o
 .debug_frame   0x000003f8       0x8c ./Core/Src/main.o
 .debug_frame   0x00000484       0x38 ./Core/Src/stm32f4xx_hal_msp.o
 .debug_frame   0x000004bc      0x190 ./Core/Src/stm32f4xx_it.o
 .debug_frame   0x0000064c       0x58 ./Core/Src/system_stm32f4xx.o
 .debug_frame   0x000006a4      0x154 ./Core/Src/tim.o
 .debug_frame   0x000007f8       0x90 ./Core/Src/usart.o
 .debug_frame   0x00000888      0x374 ./Drivers/STM32F4xx_HAL_Driver/Src/stm32f4xx_hal.o
 .debug_frame   0x00000bfc      0x4b8 ./Drivers/STM32F4xx_HAL_Driver/Src/stm32f4xx_hal_cortex.o
 .debug_frame   0x000010b4      0x250 ./Drivers/STM32F4xx_HAL_Driver/Src/stm32f4xx_hal_dma.o
 .debug_frame   0x00001304      0x14c ./Drivers/STM32F4xx_HAL_Driver/Src/stm32f4xx_hal_gpio.o
 .debug_frame   0x00001450      0x1f4 ./Drivers/STM32F4xx_HAL_Driver/Src/stm32f4xx_hal_rcc.o
 .debug_frame   0x00001644     0x11b8 ./Drivers/STM32F4xx_HAL_Driver/Src/stm32f4xx_hal_tim.o
 .debug_frame   0x000027fc      0x638 ./Drivers/STM32F4xx_HAL_Driver/Src/stm32f4xx_hal_tim_ex.o
 .debug_frame   0x00002e34      0x954 ./Drivers/STM32F4xx_HAL_Driver/Src/stm32f4xx_hal_uart.o
 .debug_frame   0x00003788       0x20 C:/ST/STM32CubeIDE_1.16.0/STM32CubeIDE/plugins/com.st.stm32cube.ide.mcu.externaltools.gnu-tools-for-stm32.12.3.rel1.win32_1.0.200.202406191623/tools/bin/../lib/gcc/arm-none-eabi/12.3.1/../../../../arm-none-eabi/lib/thumb/v7e-m+fp/hard\libc_nano.a(libc_a-memset.o)
 .debug_frame   0x000037a8       0x2c C:/ST/STM32CubeIDE_1.16.0/STM32CubeIDE/plugins/com.st.stm32cube.ide.mcu.externaltools.gnu-tools-for-stm32.12.3.rel1.win32_1.0.200.202406191623/tools/bin/../lib/gcc/arm-none-eabi/12.3.1/../../../../arm-none-eabi/lib/thumb/v7e-m+fp/hard\libc_nano.a(libc_a-init.o)
 .debug_frame   0x000037d4       0x30 C:/ST/STM32CubeIDE_1.16.0/STM32CubeIDE/plugins/com.st.stm32cube.ide.mcu.externaltools.gnu-tools-for-stm32.12.3.rel1.win32_1.0.200.202406191623/tools/bin/../lib/gcc/arm-none-eabi/12.3.1/thumb/v7e-m+fp/hard\libgcc.a(_arm_muldf3.o)
 .debug_frame   0x00003804       0xac C:/ST/STM32CubeIDE_1.16.0/STM32CubeIDE/plugins/com.st.stm32cube.ide.mcu.externaltools.gnu-tools-for-stm32.12.3.rel1.win32_1.0.200.202406191623/tools/bin/../lib/gcc/arm-none-eabi/12.3.1/thumb/v7e-m+fp/hard\libgcc.a(_arm_addsubdf3.o)
 .debug_frame   0x000038b0       0x24 C:/ST/STM32CubeIDE_1.16.0/STM32CubeIDE/plugins/com.st.stm32cube.ide.mcu.externaltools.gnu-tools-for-stm32.12.3.rel1.win32_1.0.200.202406191623/tools/bin/../lib/gcc/arm-none-eabi/12.3.1/thumb/v7e-m+fp/hard\libgcc.a(_arm_fixunsdfsi.o)
 .debug_frame   0x000038d4       0x2c C:/ST/STM32CubeIDE_1.16.0/STM32CubeIDE/plugins/com.st.stm32cube.ide.mcu.externaltools.gnu-tools-for-stm32.12.3.rel1.win32_1.0.200.202406191623/tools/bin/../lib/gcc/arm-none-eabi/12.3.1/thumb/v7e-m+fp/hard\libgcc.a(_aeabi_uldivmod.o)
 .debug_frame   0x00003900       0x34 C:/ST/STM32CubeIDE_1.16.0/STM32CubeIDE/plugins/com.st.stm32cube.ide.mcu.externaltools.gnu-tools-for-stm32.12.3.rel1.win32_1.0.200.202406191623/tools/bin/../lib/gcc/arm-none-eabi/12.3.1/thumb/v7e-m+fp/hard\libgcc.a(_udivmoddi4.o)

.debug_line_str
                0x00000000       0x61
 .debug_line_str
                0x00000000       0x61 ./Core/Startup/startup_stm32f411retx.o
